Enter number of vertices: Enter number of arcs: Choose implementation (list, deque, adjmatrix): Initialized KosarajuAdjMatrix with 5 vertices.
Enter arcs (fromVertice toVertice):
Starting Kosaraju's algorithm to find SCCs.
Strongly Connected Components (SCCs):
SCC: 1 3 2 
SCC: 4 
SCC: 5 
Finished finding SCCs.
